// Jest Snapshot v1, https://goo.gl/fbAQLP

exports[`Shop Orders Should able to list orders 1`] = `
Object {
  "address": Object {
    "address": "Br. Guntur Kemenuh Blahbatuh Gianyar",
    "city": "Gianyar",
    "country": "Indonesia",
    "createdAt": Any<String>,
    "deleted": false,
    "id": Any<Number>,
    "updatedAt": Any<String>,
    "zipCode": "80281",
  },
  "createdAt": Any<String>,
  "date": Any<String>,
  "deleted": false,
  "id": Any<Number>,
  "state": "ReceivedBySeller",
  "updatedAt": Any<String>,
  "user": Object {
    "createdAt": Any<String>,
    "deleted": false,
    "id": Any<Number>,
    "name": "Jane Dane",
    "updatedAt": Any<String>,
  },
}
`;
